// Jest Snapshot v1, https://goo.gl/fbAQLP

exports[`renders correctly 1`] = `
<View
  accessible={true}
  focusable={false}
  onClick={[Function]}
  onResponderGrant={[Function]}
  onResponderMove={[Function]}
  onResponderRelease={[Function]}
  onResponderTerminate={[Function]}
  onResponderTerminationRequest={[Function]}
  onStartShouldSetResponder={[Function]}
  style={
    Object {
      "alignItems": "center",
      "backgroundColor": undefined,
      "borderRadius": 10,
      "height": 88.93333333333334,
      "justifyContent": "center",
      "marginTop": 10,
      "opacity": 1,
      "padding": 10,
      "width": "85%",
    }
  }
>
  <Text
    style={
      Array [
        Object {
          "color": "#fff",
          "fontSize": 16,
          "fontWeight": "bold",
        },
        Object {
          "color": undefined,
        },
      ]
    }
  />
</View>
`;
