// Jest Snapshot v1, https://goo.gl/fbAQLP

exports[`renders correctly 1`] = `
<View
  style={
    Object {
      "alignItems": "center",
      "backgroundColor": "#fff",
      "flex": 1,
      "justifyContent": "center",
      "padding": 20,
    }
  }
>
  <View
    style={
      Object {
        "marginBottom": 20,
        "marginTop": 25,
      }
    }
  >
    <Text
      style={
        Object {
          "alignItems": "center",
          "color": "#046BF1",
          "fontSize": 20,
          "fontWeight": "bold",
          "marginBottom": 10,
          "marginLeft": -5,
        }
      }
    >
       
      Log In
       
    </Text>
    <Text
      style={
        Object {
          "color": "#000",
          "fontSize": 15,
        }
      }
    >
       
      Email *
       
    </Text>
    <View
      style={
        Object {
          "alignItems": "center",
          "backgroundColor": "#fff",
          "borderColor": "#000",
          "borderRadius": 3,
          "borderWidth": 1,
          "height": 88.93333333333334,
          "marginBottom": 10,
          "marginTop": 5,
          "width": 332,
        }
      }
    >
      <TextInput
        allowFontScaling={true}
        rejectResponderTermination={true}
        secureTextEntry={false}
        style={
          Object {
            "alignItems": "center",
            "borderColor": "#000",
            "color": "#333",
            "flex": 1,
            "fontSize": 16,
            "justifyContent": "flex-start",
            "padding": 10,
          }
        }
        underlineColorAndroid="transparent"
      />
    </View>
    <Text
      style={
        Object {
          "color": "#000",
          "fontSize": 15,
        }
      }
    >
       
      Password *
       
    </Text>
    <View
      style={
        Object {
          "alignItems": "center",
          "backgroundColor": "#fff",
          "borderColor": "#000",
          "borderRadius": 3,
          "borderWidth": 1,
          "height": 88.93333333333334,
          "marginBottom": 10,
          "marginTop": 5,
          "width": 332,
        }
      }
    >
      <TextInput
        allowFontScaling={true}
        rejectResponderTermination={true}
        secureTextEntry={true}
        style={
          Object {
            "alignItems": "center",
            "borderColor": "#000",
            "color": "#333",
            "flex": 1,
            "fontSize": 16,
            "justifyContent": "flex-start",
            "padding": 10,
          }
        }
        underlineColorAndroid="transparent"
      />
    </View>
  </View>
  <View
    accessible={true}
    focusable={true}
    onClick={[Function]}
    onResponderGrant={[Function]}
    onResponderMove={[Function]}
    onResponderRelease={[Function]}
    onResponderTerminate={[Function]}
    onResponderTerminationRequest={[Function]}
    onStartShouldSetResponder={[Function]}
    style={
      Object {
        "alignItems": "center",
        "backgroundColor": "#C2C4C0",
        "borderRadius": 10,
        "height": 88.93333333333334,
        "justifyContent": "center",
        "marginTop": 10,
        "opacity": 1,
        "padding": 10,
        "width": 300,
      }
    }
  >
    <Text
      style={
        Array [
          Object {
            "color": "#fff",
            "fontSize": 16,
            "fontWeight": "bold",
          },
          Object {
            "color": "#fff",
          },
        ]
      }
    >
      Log In
    </Text>
  </View>
  <View
    style={
      Object {
        "flexDirection": "row",
        "marginTop": 40,
      }
    }
  >
    <Text
      style={
        Object {
          "color": "#757575",
          "fontSize": 16,
        }
      }
    >
      Don't have an account? 
    </Text>
    <View
      accessible={true}
      focusable={true}
      onClick={[Function]}
      onResponderGrant={[Function]}
      onResponderMove={[Function]}
      onResponderRelease={[Function]}
      onResponderTerminate={[Function]}
      onResponderTerminationRequest={[Function]}
      onStartShouldSetResponder={[Function]}
      style={
        Object {
          "opacity": 1,
        }
      }
    >
      <Text
        style={
          Object {
            "color": "#046BF1",
            "fontSize": 16,
            "textDecorationLine": "underline",
          }
        }
      >
         
        Create here
         
      </Text>
    </View>
  </View>
</View>
`;
