// Jest Snapshot v1, https://goo.gl/fbAQLP

exports[`renders correctly 1`] = `
<View
  style={
    Object {
      "alignItems": "center",
      "backgroundColor": "#fff",
      "flex": 1,
      "justifyContent": "center",
    }
  }
>
  <View
    style={
      Object {
        "marginBottom": 20,
        "marginTop": 25,
      }
    }
  >
    <Text
      style={
        Object {
          "alignItems": "center",
          "color": "#046BF1",
          "fontSize": 20,
          "fontWeight": "bold",
          "marginBottom": 10,
        }
      }
    >
       
      Log In
       
    </Text>
    <Text
      style={
        Object {
          "color": "#000",
          "fontSize": 15,
        }
      }
    >
       
      Email *
       
    </Text>
    <View
      style={
        Object {
          "flexDirection": "row",
        }
      }
    >
      <View
        style={
          Object {
            "alignItems": "center",
            "backgroundColor": "#fff",
            "borderColor": "#000",
            "height": 88.93333333333334,
            "marginBottom": 2,
            "marginLeft": 7,
            "width": "80%",
          }
        }
      >
        <TextInput
          allowFontScaling={true}
          rejectResponderTermination={true}
          secureTextEntry={false}
          style={
            Object {
              "borderBottomWidth": 1,
              "borderColor": "#000",
              "borderLeftWidth": 1,
              "borderTopWidth": 1,
              "color": "#000",
              "fontSize": 16,
              "height": 88.93333333333334,
              "marginBottom": 2,
              "width": "100%",
            }
          }
          underlineColorAndroid="transparent"
        />
      </View>
      <View
        style={
          Object {
            "borderBottomWidth": 1,
            "borderRightWidth": 1,
            "borderTopWidth": 1,
            "height": 88.93333333333334,
            "justifyContent": "center",
            "width": "15%",
          }
        }
      />
    </View>
    <Text
      style={
        Object {
          "color": "#000",
          "fontSize": 15,
        }
      }
    >
       
      Password *
       
    </Text>
    <View
      style={
        Object {
          "flexDirection": "row",
        }
      }
    >
      <View
        style={
          Object {
            "alignItems": "center",
            "backgroundColor": "#fff",
            "borderColor": "#000",
            "height": 88.93333333333334,
            "marginBottom": 2,
            "marginLeft": 7,
            "width": "80%",
          }
        }
      >
        <TextInput
          allowFontScaling={true}
          rejectResponderTermination={true}
          secureTextEntry={true}
          style={
            Object {
              "borderBottomWidth": 1,
              "borderColor": "#000",
              "borderLeftWidth": 1,
              "borderTopWidth": 1,
              "color": "#000",
              "fontSize": 16,
              "height": 88.93333333333334,
              "marginBottom": 2,
              "width": "100%",
            }
          }
          underlineColorAndroid="transparent"
        />
      </View>
      <View
        style={
          Object {
            "borderBottomWidth": 1,
            "borderRightWidth": 1,
            "borderTopWidth": 1,
            "height": 88.93333333333334,
            "justifyContent": "center",
            "width": "15%",
          }
        }
      />
    </View>
  </View>
  <View
    accessible={true}
    focusable={true}
    onClick={[Function]}
    onResponderGrant={[Function]}
    onResponderMove={[Function]}
    onResponderRelease={[Function]}
    onResponderTerminate={[Function]}
    onResponderTerminationRequest={[Function]}
    onStartShouldSetResponder={[Function]}
    style={
      Object {
        "alignItems": "center",
        "backgroundColor": "#C2C4C0",
        "borderRadius": 10,
        "height": 88.93333333333334,
        "justifyContent": "center",
        "marginTop": 10,
        "opacity": 1,
        "padding": 10,
        "width": "85%",
      }
    }
  >
    <Text
      style={
        Array [
          Object {
            "color": "#fff",
            "fontSize": 16,
            "fontWeight": "bold",
          },
          Object {
            "color": "#fff",
          },
        ]
      }
    >
      Log In
    </Text>
  </View>
  <View
    style={
      Object {
        "flexDirection": "row",
        "marginTop": 40,
      }
    }
  >
    <Text
      style={
        Object {
          "color": "#757575",
          "fontSize": 16,
        }
      }
    >
      Don't have an account? 
    </Text>
    <View
      accessible={true}
      focusable={true}
      onClick={[Function]}
      onResponderGrant={[Function]}
      onResponderMove={[Function]}
      onResponderRelease={[Function]}
      onResponderTerminate={[Function]}
      onResponderTerminationRequest={[Function]}
      onStartShouldSetResponder={[Function]}
      style={
        Object {
          "opacity": 1,
        }
      }
    >
      <Text
        style={
          Object {
            "color": "#046BF1",
            "fontSize": 16,
            "textDecorationLine": "underline",
          }
        }
      >
         
        Create here
         
      </Text>
    </View>
  </View>
</View>
`;
